#
# There is insufficient memory for the Java Runtime Environment to continue.
# Native memory allocation (mmap) failed to map 264241152 bytes. Error detail: G1 virtual space
# Possible reasons:
#   The system is out of physical RAM or swap space
#   This process is running with CompressedOops enabled, and the Java Heap may be blocking the growth of the native heap
# Possible solutions:
#   Reduce memory load on the system
#   Increase physical memory or swap space
#   Check if swap backing store is full
#   Decrease Java heap size (-Xmx/-Xms)
#   Decrease number of Java threads
#   Decrease Java thread stack sizes (-Xss)
#   Set larger code cache with -XX:ReservedCodeCacheSize=
#   JVM is running with Zero Based Compressed Oops mode in which the Java heap is
#     placed in the first 32GB address space. The Java Heap base address is the
#     maximum limit for the native heap growth. Please use -XX:HeapBaseMinAddress
#     to set the Java Heap base and to place the Java Heap above 32GB virtual address.
# This output file may be truncated or incomplete.
#
#  Out of Memory Error (os_windows.cpp:3690), pid=8644, tid=8536
#
# JRE version:  (17.0.18+8) (build )
# Java VM: OpenJDK 64-Bit Server VM (17.0.18+8-LTS, mixed mode, emulated-client, sharing, tiered, compressed oops, compressed class ptrs, g1 gc, windows-amd64)
# No core dump will be written. Minidumps are not enabled by default on client versions of Windows
#

---------------  S U M M A R Y ------------

Command Line: -agentlib:jdwp=transport=dt_socket,address=127.0.0.1:59169,suspend=y,server=n -javaagent:C:\Users\admin\AppData\Local\JetBrains\IntelliJIdea2025.3\captureAgent\debugger-agent.jar=file:///C:/Users/admin/AppData/Local/Temp/capture12719706829415032186.props -agentpath:C:\Users\admin\AppData\Local\Temp\idea_libasyncProfiler_dll_temp_folder11533\libasyncProfiler.dll=version,jfr,event=wall,interval=10ms,cstack=no,file=C:\Users\admin\IdeaSnapshots\TodoAppApplication_2026_03_29_210311.jfr,dbghelppath=C:\Users\admin\AppData\Local\Temp\idea_dbghelp_dll_temp_folder5\dbghelp.dll,log=C:\Users\admin\AppData\Local\Temp\TodoAppApplication_2026_03_29_210311.jfr.log.txt,logLevel=DEBUG -XX:TieredStopAtLevel=1 -Dspring.output.ansi.enabled=always -Dcom.sun.management.jmxremote -Dspring.jmx.enabled=true -Dspring.liveBeansView.mbeanDomain -Dspring.application.admin.enabled=true -Dmanagement.endpoints.jmx.exposure.include=* -Dkotlinx.coroutines.debug.enable.creation.stack.trace=false -Ddebugger.agent.enable.coroutines=true -Dkotlinx.coroutines.debug.enable.flows.stack.trace=true -Dkotlinx.coroutines.debug.enable.mutable.state.flows.stack.trace=true -Ddebugger.async.stack.trace.for.all.threads=true -Dfile.encoding=UTF-8 com.example.todoapp.TodoAppApplication

Host: 13th Gen Intel(R) Core(TM) i5-13420H, 12 cores, 15G,  Windows 11 , 64 bit Build 26100 (10.0.26100.7920)
Time: Sun Mar 29 21:03:13 2026 SE Asia Standard Time elapsed time: 1.692022 seconds (0d 0h 0m 1s)

---------------  T H R E A D  ---------------

Current thread (0x000001de7c18e3e0):  JavaThread "Unknown thread" [_thread_in_vm, id=8536, stack(0x0000004f6ae00000,0x0000004f6af00000)]

Stack: [0x0000004f6ae00000,0x0000004f6af00000]
Native frames: (J=compiled Java code, j=interpreted, Vv=VM code, C=native code)
V  [jvm.dll+0x68c879]  (no source info available)
V  [jvm.dll+0x845979]  (no source info available)
V  [jvm.dll+0x8476e8]  (no source info available)
V  [jvm.dll+0x847d73]  (no source info available)
V  [jvm.dll+0x24cf6f]  (no source info available)
V  [jvm.dll+0x68bc79]  (no source info available)
V  [jvm.dll+0x68023a]  (no source info available)
V  [jvm.dll+0x3101a0]  (no source info available)
V  [jvm.dll+0x310042]  (no source info available)
V  [jvm.dll+0x317599]  (no source info available)
V  [jvm.dll+0x369999]  (no source info available)
V  [jvm.dll+0x369bcd]  (no source info available)
V  [jvm.dll+0x2e69aa]  (no source info available)
V  [jvm.dll+0x2e78b8]  (no source info available)
V  [jvm.dll+0x81871e]  (no source info available)
V  [jvm.dll+0x377601]  (no source info available)
V  [jvm.dll+0x7f6d65]  (no source info available)
V  [jvm.dll+0x3fd47b]  (no source info available)
V  [jvm.dll+0x3ff0b1]  (no source info available)
C  [jli.dll+0x52f0]  (no source info available)
C  [ucrtbase.dll+0x37b0]  (no source info available)
C  [KERNEL32.DLL+0x2e8d7]  (no source info available)
C  [ntdll.dll+0x8c48c]  (no source info available)


---------------  P R O C E S S  ---------------

Threads class SMR info:
_java_thread_list=0x00007fff42376058, length=0, elements={
}

Java Threads: ( => current thread )

Other Threads:
  0x000001de7c4876c0 GCTaskThread "GC Thread#0" [stack: 0x0000004f6af00000,0x0000004f6b000000] [id=12508]
  0x000001de7c497fc0 ConcurrentGCThread "G1 Main Marker" [stack: 0x0000004f6b000000,0x0000004f6b100000] [id=3868]
  0x000001de7c499880 ConcurrentGCThread "G1 Conc#0" [stack: 0x0000004f6b100000,0x0000004f6b200000] [id=6740]

[error occurred during error reporting (printing all threads), id 0xc0000005, EXCEPTION_ACCESS_VIOLATION (0xc0000005) at pc=0x00007fff41b274e7]

VM state: not at safepoint (not fully initialized)

VM Mutex/Monitor currently owned by a thread:  ([mutex/lock_event])
[0x000001de7c410100] Heap_lock - owner thread: 0x000001de7c18e3e0

Heap address: 0x0000000705600000, size: 4010 MB, Compressed Oops mode: Zero based, Oop shift amount: 3

CDS archive(s) mapped at: [0x0000000000000000-0x0000000000000000-0x0000000000000000), size 0, SharedBaseAddress: 0x0000000800000000, ArchiveRelocationMode: 1.
Narrow klass base: 0x0000000000000000, Narrow klass shift: 0, Narrow klass range: 0x0

GC Precious Log:
<Empty>

Heap:
 garbage-first heap   total 0K, used 0K [0x0000000705600000, 0x0000000800000000)
  region size 2048K, 0 young (0K), 0 survivors (0K)

[error occurred during error reporting (printing heap information), id 0xc0000005, EXCEPTION_ACCESS_VIOLATION (0xc0000005) at pc=0x00007fff41f18929]

GC Heap History (0 events):
No events

Dll operation events (2 events):
Event: 0.017 Loaded shared library C:\Users\admin\.jdks\ms-17.0.18\bin\java.dll
Event: 0.018 Loaded shared library C:\Users\admin\.jdks\ms-17.0.18\bin\zip.dll

Deoptimization events (0 events):
No events

Classes loaded (0 events):
No events

Classes unloaded (0 events):
No events

Classes redefined (0 events):
No events

Internal exceptions (0 events):
No events

VM Operations (0 events):
No events

Memory protections (0 events):
No events

Nmethod flushes (0 events):
No events

Events (0 events):
No events


Dynamic libraries:
0x00007ff682450000 - 0x00007ff68245e000 	C:\Users\admin\.jdks\ms-17.0.18\bin\java.exe
0x00007fffd8a80000 - 0x00007fffd8ce7000 	C:\Windows\SYSTEM32\ntdll.dll
0x00007fffd6cb0000 - 0x00007fffd6d79000 	C:\Windows\System32\KERNEL32.DLL
0x00007fffd6420000 - 0x00007fffd6811000 	C:\Windows\System32\KERNELBASE.dll
0x00007fffd5fe0000 - 0x00007fffd612b000 	C:\Windows\System32\ucrtbase.dll
0x00007fffd0340000 - 0x00007fffd035e000 	C:\Users\admin\.jdks\ms-17.0.18\bin\VCRUNTIME140.dll
0x00007fffd0320000 - 0x00007fffd0338000 	C:\Users\admin\.jdks\ms-17.0.18\bin\jli.dll
0x00007fffd7730000 - 0x00007fffd78f5000 	C:\Windows\System32\USER32.dll
0x00007fffbb6e0000 - 0x00007fffbb973000 	C:\Windows\WinSxS\amd64_microsoft.windows.common-controls_6595b64144ccf1df_6.0.26100.8037_none_3e092faae333b53b\COMCTL32.dll
0x00007fffd5360000 - 0x00007fffd5387000 	C:\Windows\System32\win32u.dll
0x00007fffd6d80000 - 0x00007fffd6e29000 	C:\Windows\System32\msvcrt.dll
0x00007fffd85e0000 - 0x00007fffd860b000 	C:\Windows\System32\GDI32.dll
0x00007fffd5390000 - 0x00007fffd54bb000 	C:\Windows\System32\gdi32full.dll
0x00007fffd5580000 - 0x00007fffd5623000 	C:\Windows\System32\msvcp_win.dll
0x00007fffd8610000 - 0x00007fffd8641000 	C:\Windows\System32\IMM32.DLL
0x00007fffd02f0000 - 0x00007fffd02fc000 	C:\Users\admin\.jdks\ms-17.0.18\bin\vcruntime140_1.dll
0x00007fff9f540000 - 0x00007fff9f5c9000 	C:\Users\admin\.jdks\ms-17.0.18\bin\msvcp140.dll
0x00007fff41830000 - 0x00007fff424aa000 	C:\Users\admin\.jdks\ms-17.0.18\bin\server\jvm.dll
0x00007fffd7000000 - 0x00007fffd70bb000 	C:\Windows\System32\ADVAPI32.dll
0x00007fffd6e30000 - 0x00007fffd6ed7000 	C:\Windows\System32\sechost.dll
0x00007fffd8770000 - 0x00007fffd8888000 	C:\Windows\System32\RPCRT4.dll
0x00007fffd6ba0000 - 0x00007fffd6c14000 	C:\Windows\System32\WS2_32.dll
0x00007fffc7510000 - 0x00007fffc7545000 	C:\Windows\SYSTEM32\WINMM.dll
0x00007fffd51c0000 - 0x00007fffd521e000 	C:\Windows\SYSTEM32\POWRPROF.dll
0x00007fffce3e0000 - 0x00007fffce3eb000 	C:\Windows\SYSTEM32\VERSION.dll
0x00007fffd51a0000 - 0x00007fffd51b4000 	C:\Windows\SYSTEM32\UMPDC.dll
0x00007fffd40f0000 - 0x00007fffd410b000 	C:\Windows\SYSTEM32\kernel.appcore.dll
0x00007fffce080000 - 0x00007fffce08a000 	C:\Users\admin\.jdks\ms-17.0.18\bin\jimage.dll
0x00007fffd3150000 - 0x00007fffd3392000 	C:\Windows\SYSTEM32\DBGHELP.DLL
0x00007fffd8070000 - 0x00007fffd83f2000 	C:\Windows\System32\combase.dll
0x00007fffd70c0000 - 0x00007fffd7197000 	C:\Windows\System32\OLEAUT32.dll
0x00007fffb7da0000 - 0x00007fffb7ddb000 	C:\Windows\SYSTEM32\dbgcore.DLL
0x00007fffd5f30000 - 0x00007fffd5fd5000 	C:\Windows\System32\bcryptPrimitives.dll
0x00007fffc4b80000 - 0x00007fffc4bbb000 	C:\Users\admin\.jdks\ms-17.0.18\bin\jdwp.dll
0x00007fffc4bf0000 - 0x00007fffc4bff000 	C:\Users\admin\.jdks\ms-17.0.18\bin\instrument.dll
0x00007fffc8110000 - 0x00007fffc8136000 	C:\Users\admin\.jdks\ms-17.0.18\bin\java.dll
0x00007fff9d7a0000 - 0x00007fff9d9d9000 	C:\Users\admin\AppData\Local\Temp\idea_libasyncProfiler_dll_temp_folder11533\libasyncProfiler.dll
0x00007fffca340000 - 0x00007fffca358000 	C:\Users\admin\.jdks\ms-17.0.18\bin\zip.dll

dbghelp: loaded successfully - version: 4.0.5 - missing functions: none
symbol engine: initialized successfully - sym options: 0x614 - pdb path: .;C:\Users\admin\.jdks\ms-17.0.18\bin;C:\Windows\SYSTEM32;C:\Windows\WinSxS\amd64_microsoft.windows.common-controls_6595b64144ccf1df_6.0.26100.8037_none_3e092faae333b53b;C:\Users\admin\.jdks\ms-17.0.18\bin\server;C:\Users\admin\AppData\Local\Temp\idea_libasyncProfiler_dll_temp_folder11533

VM Arguments:
jvm_args: -agentlib:jdwp=transport=dt_socket,address=127.0.0.1:59169,suspend=y,server=n -javaagent:C:\Users\admin\AppData\Local\JetBrains\IntelliJIdea2025.3\captureAgent\debugger-agent.jar=file:///C:/Users/admin/AppData/Local/Temp/capture12719706829415032186.props -agentpath:C:\Users\admin\AppData\Local\Temp\idea_libasyncProfiler_dll_temp_folder11533\libasyncProfiler.dll=version,jfr,event=wall,interval=10ms,cstack=no,file=C:\Users\admin\IdeaSnapshots\TodoAppApplication_2026_03_29_210311.jfr,dbghelppath=C:\Users\admin\AppData\Local\Temp\idea_dbghelp_dll_temp_folder5\dbghelp.dll,log=C:\Users\admin\AppData\Local\Temp\TodoAppApplication_2026_03_29_210311.jfr.log.txt,logLevel=DEBUG -XX:TieredStopAtLevel=1 -Dspring.output.ansi.enabled=always -Dcom.sun.management.jmxremote -Dspring.jmx.enabled=true -Dspring.liveBeansView.mbeanDomain -Dspring.application.admin.enabled=true -Dmanagement.endpoints.jmx.exposure.include=* -Dkotlinx.coroutines.debug.enable.creation.stack.trace=false -Ddebugger.agent.enable.coroutines=true -Dkotlinx.coroutines.debug.enable.flows.stack.trace=true -Dkotlinx.coroutines.debug.enable.mutable.state.flows.stack.trace=true -Ddebugger.async.stack.trace.for.all.threads=true -Dfile.encoding=UTF-8 
java_command: com.example.todoapp.TodoAppApplication
java_class_path (initial): C:\Users\admin\Downloads\demospringboot\TodoApp\target\classes;C:\Users\admin\.m2\repository\org\springframework\boot\spring-boot-starter-web\3.3.5\spring-boot-starter-web-3.3.5.jar;C:\Users\admin\.m2\repository\org\springframework\boot\spring-boot-starter\3.3.5\spring-boot-starter-3.3.5.jar;C:\Users\admin\.m2\repository\org\springframework\boot\spring-boot\3.3.5\spring-boot-3.3.5.jar;C:\Users\admin\.m2\repository\org\springframework\boot\spring-boot-autoconfigure\3.3.5\spring-boot-autoconfigure-3.3.5.jar;C:\Users\admin\.m2\repository\org\springframework\boot\spring-boot-starter-logging\3.3.5\spring-boot-starter-logging-3.3.5.jar;C:\Users\admin\.m2\repository\ch\qos\logback\logback-classic\1.5.11\logback-classic-1.5.11.jar;C:\Users\admin\.m2\repository\ch\qos\logback\logback-core\1.5.11\logback-core-1.5.11.jar;C:\Users\admin\.m2\repository\org\apache\logging\log4j\log4j-to-slf4j\2.23.1\log4j-to-slf4j-2.23.1.jar;C:\Users\admin\.m2\repository\org\apache\logging\log4j\log4j-api\2.23.1\log4j-api-2.23.1.jar;C:\Users\admin\.m2\repository\org\slf4j\jul-to-slf4j\2.0.16\jul-to-slf4j-2.0.16.jar;C:\Users\admin\.m2\repository\jakarta\annotation\jakarta.annotation-api\2.1.1\jakarta.annotation-api-2.1.1.jar;C:\Users\admin\.m2\repository\org\yaml\snakeyaml\2.2\snakeyaml-2.2.jar;C:\Users\admin\.m2\repository\org\springframework\boot\spring-boot-starter-json\3.3.5\spring-boot-starter-json-3.3.5.jar;C:\Users\admin\.m2\repository\com\fasterxml\jackson\datatype\jackson-datatype-jdk8\2.17.2\jackson-datatype-jdk8-2.17.2.jar;C:\Users\admin\.m2\repository\com\fasterxml\jackson\datatype\jackson-datatype-jsr310\2.17.2\jackson-datatype-jsr310-2.17.2.jar;C:\Users\admin\.m2\repository\com\fasterxml\jackson\module\jackson-module-parameter-names\2.17.2\jackson-module-parameter-names-2.17.2.jar;C:\Users\admin\.m2\repository\org\springframework\boot\spring-boot-starter-tomcat\3.3.5\spring-boot-starter-tomcat-3.3.5.jar;C:\Users\admin\.m2\repository\org\apache\tomcat\embe
Launcher Type: SUN_STANDARD

[Global flags]
     intx CICompilerCount                          = 4                                         {product} {ergonomic}
     uint ConcGCThreads                            = 3                                         {product} {ergonomic}
     uint G1ConcRefinementThreads                  = 10                                        {product} {ergonomic}
   size_t G1HeapRegionSize                         = 2097152                                   {product} {ergonomic}
    uintx GCDrainStackTargetSize                   = 64                                        {product} {ergonomic}
   size_t InitialHeapSize                          = 264241152                                 {product} {ergonomic}
     bool ManagementServer                         = true                                      {product} {command line}
   size_t MarkStackSize                            = 4194304                                   {product} {ergonomic}
   size_t MaxHeapSize                              = 4204789760                                {product} {ergonomic}
   size_t MinHeapDeltaBytes                        = 2097152                                   {product} {ergonomic}
   size_t MinHeapSize                              = 8388608                                   {product} {ergonomic}
    uintx NonProfiledCodeHeapSize                  = 0                                      {pd product} {ergonomic}
     bool ProfileInterpreter                       = false                                  {pd product} {command line}
    uintx ProfiledCodeHeapSize                     = 0                                      {pd product} {ergonomic}
   size_t SoftMaxHeapSize                          = 4204789760                             {manageable} {ergonomic}
     intx TieredStopAtLevel                        = 1                                         {product} {command line}
     bool UseCompressedClassPointers               = true                           {product lp64_product} {ergonomic}
     bool UseCompressedOops                        = true                           {product lp64_product} {ergonomic}
     bool UseG1GC                                  = true                                      {product} {ergonomic}
     bool UseLargePagesIndividualAllocation        = false                                  {pd product} {ergonomic}

Logging:
Log output configuration:
 #0: stdout all=warning uptime,level,tags
 #1: stderr all=off uptime,level,tags

Environment Variables:
PATH=C:\Program Files (x86)\Common Files\Oracle\Java\java8path;C:\Program Files (x86)\Common Files\Oracle\Java\javapath;C:\Users\admin\Downloads\V982656-01_windows\bin;C:\Program Files (x86)\VMware\VMware Workstation\bin\;C:\Windows\system32;C:\Windows;C:\Windows\System32\Wbem;C:\Windows\System32\WindowsPowerShell\v1.0\;C:\Windows\System32\OpenSSH\;C:\Program Files (x86)\NVIDIA Corporation\PhysX\Common;C:\Program Files\NVIDIA Corporation\NVIDIA app\NvDLISR;C:\Program Files\Git\cmd;C:\Program Files\JetBrains\WebStorm 2025.2.4\bin;C:\Program Files\nodejs\node.exe;C:\Program Files\MySQL\MySQL Server 9.6\bin;C:\Program Files\Java\jdk-17;C:\Users\admin\AppData\Local\Microsoft\WindowsApps;C:\Users\admin\AppData\Roaming\npm;C:\Program Files\JetBrains\IntelliJ IDEA 2025.3.4\bin
USERNAME=admin
OS=Windows_NT
PROCESSOR_IDENTIFIER=Intel64 Family 6 Model 186 Stepping 2, GenuineIntel
TMP=C:\Users\admin\AppData\Local\Temp
TEMP=C:\Users\admin\AppData\Local\Temp



Periodic native trim disabled


---------------  S Y S T E M  ---------------

OS:
 Windows 11 , 64 bit Build 26100 (10.0.26100.7920)
OS uptime: 0 days 2:17 hours
Hyper-V role detected

CPU: total 12 (initial active 12) (6 cores per cpu, 2 threads per core) family 6 model 186 stepping 2 microcode 0x5105, cx8, cmov, fxsr, ht, mmx, 3dnowpref, sse, sse2, sse3, ssse3, sse4.1, sse4.2, popcnt, lzcnt, tsc, tscinvbit, avx, avx2, aes, erms, clmul, bmi1, bmi2, adx, sha, fma, vzeroupper, clflush, clflushopt, clwb, hv
Processor Information for processor 0
  Max Mhz: 2100, Current Mhz: 2100, Mhz Limit: 2100
Processor Information for processor 1
  Max Mhz: 2100, Current Mhz: 2100, Mhz Limit: 2100
Processor Information for processor 2
  Max Mhz: 2100, Current Mhz: 2100, Mhz Limit: 2100
Processor Information for processor 3
  Max Mhz: 2100, Current Mhz: 2100, Mhz Limit: 2100
Processor Information for processor 4
  Max Mhz: 2100, Current Mhz: 1453, Mhz Limit: 2100
Processor Information for processor 5
  Max Mhz: 2100, Current Mhz: 2100, Mhz Limit: 2100
Processor Information for processor 6
  Max Mhz: 2100, Current Mhz: 1453, Mhz Limit: 2100
Processor Information for processor 7
  Max Mhz: 2100, Current Mhz: 2100, Mhz Limit: 2100
Processor Information for processor 8
  Max Mhz: 2100, Current Mhz: 1500, Mhz Limit: 1491
Processor Information for processor 9
  Max Mhz: 2100, Current Mhz: 1500, Mhz Limit: 1491
Processor Information for processor 10
  Max Mhz: 2100, Current Mhz: 1500, Mhz Limit: 1491
Processor Information for processor 11
  Max Mhz: 2100, Current Mhz: 1500, Mhz Limit: 1491

Memory: 4k page, system-wide physical 16034M (6357M free)
TotalPageFile size 16034M (AvailPageFile size 134M)
current process WorkingSet (physical memory assigned to process): 14M, peak: 14M
current process commit charge ("private bytes"): 71M, peak: 323M

vm_info: OpenJDK 64-Bit Server VM (17.0.18+8-LTS) for windows-amd64 JRE (17.0.18+8-LTS), built on Jan 15 2026 18:50:45 by "MicrosoftCorporation" with MS VC++ 17.14 (VS2022)

END.
